
> my-v0-project@0.1.0 build
> next build

node.exe : [baseline-browser-mapping] The data in this module is over two months old.  To ensure accurate Baseline data, 
please update: `npm i baseline-browser-mapping@latest -D`
At line:1 char:1
+ & "C:\Program Files\nodejs/node.exe" "C:\Program Files\nodejs/node_mo ...
+ ~~~~~~~~~~~~~~~~~~~~~~~~~~~~~~~~~~~~~~~~~~~~~~~~~~~~~~~~~~~~~~~~~~~~~
    + CategoryInfo          : NotSpecified: ([baseline-brows...ping@latest -D`:String) [], RemoteException
    + FullyQualifiedErrorId : NativeCommandError
 
 ΓÜá Warning: Next.js inferred your workspace root, but it may not be correct.
 We detected multiple lockfiles and selected the directory of C:\Users\HP\package-lock.json as the root directory.
 To silence this warning, set `turbopack.root` in your Next.js config, or consider removing one of the lockfiles if it's 
not needed.
   See https://nextjs.org/docs/app/api-reference/config/next-config-js/turbopack#root-directory for more information.
 Detected additional lockfiles: 
   * C:\Users\HP\Downloads\ai-fronted\ai-dashboard-frontend (1) (1)\pnpm-lock.yaml

   Γû▓ Next.js 16.0.10 (Turbopack)

   Creating an optimized production build ...
[baseline-browser-mapping] The data in this module is over two months old.  To ensure accurate Baseline data, please 
update: `npm i baseline-browser-mapping@latest -D`

> Build error occurred
Error: Turbopack build failed with 1 errors:
./Downloads/ai-fronted/ai-dashboard-frontend (1) (1)/app/dashboard/page.tsx:532:15
Parsing ecmascript source code failed
[0m [90m 530 |[39m           [33m/[39m[33m>[39m
 [90m 531 |[39m         [33m<[39m[33m/[39m[33mdiv[39m[33m>[39m
[31m[1m>[22m[39m[90m 532 |[39m         [33m<[39m[33m/[39m[33mdiv[39m[33m>[39m
 [90m     |[39m               [31m[1m^[22m[39m
[31m[1m>[22m[39m[90m 533 |[39m       [33m<[39m[33m/[39m[33mSectionWrapper[39m[33m>[39m
 [90m     |[39m [31m[1m^[22m[39m[31m[1m^[22m[39m[31m[1m^[22m[39m[31m[1m^[22m[39m[31m[1m^[22m[39m[31m
[1m^[22m[39m[31m[1m^[22m[39m
 [90m 534 |[39m     [33m<[39m[33m/[39m[33mdiv[39m[33m>[39m
 [90m 535 |[39m   )
 [90m 536 |[39m }[0m

Expected '</', got 'jsx text (
      )'


    at <unknown> (./Downloads/ai-fronted/ai-dashboard-frontend (1) (1)/app/dashboard/page.tsx:532:15)
